<!DOCTYPE html>
<html lang="en">
    <head>
        <meta charset="UTF-8">
        <meta name="viewport" content="width=device-width, initial-scale=1.0">

        <title>Hello, world! :: Base Layout Test</title>
    </head>

    <body>
        <h1>Base Layout Test</h1>
        <p>Hello, world!</p>

        <p>This is the page content. It should be surrounded by a normal layout.</p>

        <p>Copyright &copy; StaticPHP Developer.</p>
    </body>
</html>