<p>Testing that a non-existent base layout path does not result in anything other than this line.</p>