Beginning Command Line Positional Arguments Test...
Command Executed: php StaticPHP.php tests/input/_includes/Command-Line-Positional-Arguments-Test-source tests/input/_includes/Command-Line-Positional-Arguments-Test-output _ignores false ___ true true false preserve _bulk_redirections _redirections_template_file.html false _passthrough
Exit Code: 0
BEGIN OUTPUT

Emptying Directory: tests\input\_includes\Command-Line-Positional-Arguments-Test-output
Deleting File: tests\input\_includes\Command-Line-Positional-Arguments-Test-output\Command-Line-Positional-Arguments-Test-Example-File.html
Emptying Directory: tests\input\_includes\Command-Line-Positional-Arguments-Test-output\_passthrough
Deleting File: tests\input\_includes\Command-Line-Positional-Arguments-Test-output\_passthrough\file-will-be-passed-through.html
Done.
Removing Directory: tests\input\_includes\Command-Line-Positional-Arguments-Test-output\_passthrough
Emptying Directory: tests\input\_includes\Command-Line-Positional-Arguments-Test-output\friendly-urls
Deleting File: tests\input\_includes\Command-Line-Positional-Arguments-Test-output\friendly-urls\index.html
Done.
Removing Directory: tests\input\_includes\Command-Line-Positional-Arguments-Test-output\friendly-urls
Deleting File: tests\input\_includes\Command-Line-Positional-Arguments-Test-output\preservation.html
Emptying Directory: tests\input\_includes\Command-Line-Positional-Arguments-Test-output\redirect
Emptying Directory: tests\input\_includes\Command-Line-Positional-Arguments-Test-output\redirect\target
Emptying Directory: tests\input\_includes\Command-Line-Positional-Arguments-Test-output\redirect\target\one
Deleting File: tests\input\_includes\Command-Line-Positional-Arguments-Test-output\redirect\target\one\index.html
Done.
Removing Directory: tests\input\_includes\Command-Line-Positional-Arguments-Test-output\redirect\target\one
Emptying Directory: tests\input\_includes\Command-Line-Positional-Arguments-Test-output\redirect\target\two
Deleting File: tests\input\_includes\Command-Line-Positional-Arguments-Test-output\redirect\target\two\index.html
Done.
Removing Directory: tests\input\_includes\Command-Line-Positional-Arguments-Test-output\redirect\target\two
Done.
Removing Directory: tests\input\_includes\Command-Line-Positional-Arguments-Test-output\redirect\target
Done.
Removing Directory: tests\input\_includes\Command-Line-Positional-Arguments-Test-output\redirect
Deleting File: tests\input\_includes\Command-Line-Positional-Arguments-Test-output\stylesheet.css
Done.
Processing Directory: tests\input\_includes\Command-Line-Positional-Arguments-Test-source
Processing PHP File: tests\input\_includes\Command-Line-Positional-Arguments-Test-source\Command-Line-Positional-Arguments-Test-Example-File.php
Processing MetaData PlaceHolders...
Done.

Processing Functional Blocks...
...Functional Blocks Processed.
Minifying HTML...
Outputting File: tests\input\_includes\Command-Line-Positional-Arguments-Test-output\Command-Line-Positional-Arguments-Test-Example-File.html
Processing redirection list...

Minifying HTML...
Outputting File: tests\input\_includes\Command-Line-Positional-Arguments-Test-output\/redirect/target/one\index.html
Redirect generated for /redirect/target/one to /redirect/destination/one
Minifying HTML...
Outputting File: tests\input\_includes\Command-Line-Positional-Arguments-Test-output\/redirect/target/two\index.html
Redirect generated for /redirect/target/two to /redirect/destination/two

Redirection list processed!

Ignoring Directory Item: tests\input\_includes\Command-Line-Positional-Arguments-Test-source\_ignores
Processing Directory: tests\input\_includes\Command-Line-Positional-Arguments-Test-source\_passthrough
Created New Directory: tests\input\_includes\Command-Line-Positional-Arguments-Test-output\_passthrough
Passing Through File: tests\input\_includes\Command-Line-Positional-Arguments-Test-source\_passthrough\file-will-be-passed-through.html
Done.
Ignoring Directory Item: tests\input\_includes\Command-Line-Positional-Arguments-Test-source\_redirections_template_file.html
Processing HTML File: tests\input\_includes\Command-Line-Positional-Arguments-Test-source\friendly-urls.html
Processing MetaData...

Setting MetaData Key: friendly_urls
with matching value: true

End of MetaData.

Processing MetaData PlaceHolders...
Done.

Processing Functional Blocks...
...Functional Blocks Processed.
Minifying HTML...
Outputting File: tests\input\_includes\Command-Line-Positional-Arguments-Test-output\friendly-urls\index.html
Processing HTML File: tests\input\_includes\Command-Line-Positional-Arguments-Test-source\preservation.html
Processing MetaData PlaceHolders...
Done.

Processing Functional Blocks...
...Functional Blocks Processed.
Minifying HTML...
Outputting File: tests\input\_includes\Command-Line-Positional-Arguments-Test-output\preservation.html
Minifying CSS File: tests\input\_includes\Command-Line-Positional-Arguments-Test-source\stylesheet.css
Minifying CSS...
Outputting File: tests\input\_includes\Command-Line-Positional-Arguments-Test-output\stylesheet.css
Done.

END OUTPUT
...Command Line Positional Arguments Test Complete!
