
<p><b>Hello, world!</b></p>
<p>This is a hello world file.</p>
<p><a href="/loop/hello-world.html">Read More</a></p>

<p><b>Shopping List</b></p>
<p>NOTE TO SELF: What to get when grocery shopping.</p>
<p><a href="/loop/shopping-list.html">Read More</a></p>
