The quick brown fox jumped over the lazy dog.

The quick brown fox
jumped over the lazy dog.

<h1>Heading 1</h1>
<h2>Heading 2</h2>
<h3>Heading 3</h3>
<h4>Heading 4</h4>
<h5>Heading 5</h5>
<h6>Heading 6</h6>

<strong>bold</strong> or <strong>bold</strong>
<em>italic</em> or <em>italic</em>
<del>strikethrough</del>

<a href="http://hostname.tld/resource" target="_blank" rel="noopener noreferrer">Link Text</a>

<a href="http://hostname.tld/resource" title="Title Text" target="_blank" rel="noopener noreferrer">Link Text</a>

<img src="http://hostname.tld/image.png" alt="Alt Text">

<img src="http://hostname.tld/image.png" alt="Alt Text" title="Title Text">

<code>code</code>

<ul>
<li>Item 1</li>
<li>Item 2</li>
<li>Another List Item</li>
<li>Yet Another List Item</li>
</ul>