<!DOCTYPE html>
<html lang="en">
<head>
	<meta http-equiv="refresh" content="0; url='https://example.tld/new'" />
	<title>Redirecting...</title>
</head>

<body>
	<p>If you are not redirected, <a href="https://example.tld/new">click here</a>.</p>
</body>
</html>
