<!DOCTYPE html>
<html lang="en">
<head>
	<meta http-equiv="refresh" content="0; url='https://destination.tld/one.html'" />
	<title>Redirecting...</title>
</head>

<body>
	<p>If you are not redirected, <a href="https://destination.tld/one.html">click here</a>.</p>
</body>
</html>
