<p>Hello, world!</p>
<p>This is a hello world file.</p>