<ul>
    <li>Bread</li>
    <li>Butter</li>
    <li>Milk</li>
    <li>Water</li>
</ul>